
> code-core@0.1.0 build
> next build --turbopack

   ▲ Next.js 15.5.4 (Turbopack)

   Creating an optimized production build ...
 ✓ Finished writing to disk in 12ms
 ✓ Compiled successfully in 6.3s
   Linting and checking validity of types ...

./src/app/page.tsx
3:91  Warning: 'Menu' is defined but never used.  @typescript-eslint/no-unused-vars
3:97  Warning: 'X' is defined but never used.  @typescript-eslint/no-unused-vars

info  - Need to disable some ESLint rules? Learn more here: https://nextjs.org/docs/app/api-reference/config/eslint#disabling-rules
   Collecting page data ...
   Generating static pages (0/5) ...
   Generating static pages (1/5) 
   Generating static pages (2/5) 
   Generating static pages (3/5) 
 ✓ Generating static pages (5/5)
   Finalizing page optimization ...
   Collecting build traces ...

Route (app)                         Size  First Load JS
┌ ○ /                            6.62 kB         120 kB
└ ○ /_not-found                      0 B         114 kB
+ First Load JS shared by all     122 kB
  ├ chunks/47f477e3d2ef265b.js   20.5 kB
  ├ chunks/f6d54413446dc3cc.js   75.3 kB
  └ other shared chunks (total)  25.8 kB


○  (Static)  prerendered as static content

